root@server:~# yq $HOME/bgp/*.yaml
---
apiVersion: "cilium.io/v2alpha1"
kind: CiliumBGPAdvertisement
metadata:
  name: services
  labels:
    advertise: generic
spec:
  advertisements:
    - advertisementType: "PodCIDR"
  # - advertisementType: "Service"
  #   service:
  #     addresses:
  #       - LoadBalancerIP
  #   selector:
  #     matchLabels:
  #       color: yellow
  #     matchExpressions:
  #       - {key: io.kubernetes.service.namespace, operator: In, values: ["tenant-c"]}

---
apiVersion: "cilium.io/v2alpha1"
kind: CiliumBGPClusterConfig
metadata:
  name: tor
spec:
  nodeSelector:
    matchLabels:
      kubernetes.io/hostname: clab-bgp-cplane-devel-control-plane
  bgpInstances:
    - name: "instance-65001"
      localASN: 65001
      peers:
        - name: "peer-65000-tor"
          peerASN: 65000
          peerAddress: "172.0.0.1"
          peerConfigRef:
            name: "peer-config-generic"
---
apiVersion: "cilium.io/v2alpha1"
kind: CiliumBGPPeerConfig
metadata:
  name: peer-config-generic
spec:
  families:
    - afi: ipv4
      safi: unicast
      advertisements:
        matchLabels:
          advertise: "generic"
root@server:~# kubectl get nodes -l kubernetes.io/hostname=clab-bgp-cplane-devel-control-plane
NAME                                  STATUS   ROLES           AGE     VERSION
clab-bgp-cplane-devel-control-plane   Ready    control-plane   3m39s   v1.31.0
root@server:~# kubectl apply -f $HOME/bgp/
ciliumbgpadvertisement.cilium.io/services configured
ciliumbgpclusterconfig.cilium.io/tor configured
ciliumbgppeerconfig.cilium.io/peer-config-generic unchanged
root@server:~# docker exec -it clab-bgp-cplane-devel-tor vtysh -c 'show bgp ipv4 summary wide'

IPv4 Unicast Summary (VRF default):
BGP router identifier 172.0.0.1, local AS number 65000 vrf-id 0
BGP table version 5
RIB entries 1, using 184 bytes of memory
Peers 1, using 716 KiB of memory

Neighbor        V         AS    LocalAS   MsgRcvd   MsgSent   TblVer  InQ OutQ  Up/Down State/PfxRcd   PfxSnt Desc
172.0.0.2       4      65001      65000        11         9        0    0    0 00:02:31            1        1 N/A

Total number of neighbors 1
root@server:~# docker exec -it clab-bgp-cplane-devel-tor vtysh -c 'show bgp ipv4'
BGP table version is 5, local router ID is 172.0.0.1, vrf id 0
Default local pref 100, local AS 65000
Status codes:  s suppressed, d damped, h history, * valid, > best, = multipath,
               i internal, r RIB-failure, S Stale, R Removed
Nexthop codes: @NNN nexthop's vrf id, < announce-nh-self
Origin codes:  i - IGP, e - EGP, ? - incomplete
RPKI validation codes: V valid, I invalid, N Not found

   Network          Next Hop            Metric LocPrf Weight Path
*> 10.244.0.0/24    172.0.0.2                              0 65001 i

Displayed  1 routes and 1 total paths
root@server:~# kubectl apply -f /root/bgp/cilium-bgp-advertisement.yaml
ciliumbgpadvertisement.cilium.io/services configured
root@server:~# docker exec -it clab-bgp-cplane-devel-tor vtysh -c 'show bgp ipv4 summary wide'

IPv4 Unicast Summary (VRF default):
BGP router identifier 172.0.0.1, local AS number 65000 vrf-id 0
BGP table version 7
RIB entries 5, using 920 bytes of memory
Peers 1, using 716 KiB of memory

Neighbor        V         AS    LocalAS   MsgRcvd   MsgSent   TblVer  InQ OutQ  Up/Down State/PfxRcd   PfxSnt Desc
172.0.0.2       4      65001      65000        15        11        0    0    0 00:03:14            3        3 N/A

Total number of neighbors 1
root@server:~# docker exec -it clab-bgp-cplane-devel-tor vtysh -c 'show bgp ipv4'
BGP table version is 7, local router ID is 172.0.0.1, vrf id 0
Default local pref 100, local AS 65000
Status codes:  s suppressed, d damped, h history, * valid, > best, = multipath,
               i internal, r RIB-failure, S Stale, R Removed
Nexthop codes: @NNN nexthop's vrf id, < announce-nh-self
Origin codes:  i - IGP, e - EGP, ? - incomplete
RPKI validation codes: V valid, I invalid, N Not found

   Network          Next Hop            Metric LocPrf Weight Path
*> 10.244.0.0/24    172.0.0.2                              0 65001 i
*> 50.0.10.100/32   172.0.0.2                              0 65001 i
*> 60.0.10.100/32   172.0.0.2                              0 65001 i

Displayed  3 routes and 3 total paths
root@server:~#